/company/:4
/company/about
/company/contact
/company/press
/company/work-here
/feeds/question/15680530
/help
/jobs/:3
/jobs
/jobs/directory/developer-jobs
/jobs/salary
/posts/:4
/posts/15680530/:2
/posts/15680530/edit
/posts/15680530/revisions
/posts/15680903/edit
/posts/15682270/edit
/q/:4
/q/32926180
/q/36513265
/q/40598483
/q/47066768
/questions/:9
/questions
/questions/15680530/bash-read-stdin-from-file-and-write-stdout-to-file
/questions/32926180/compile-java-program
/questions/36513265/how-to-redirect-content-of-file-to-stdin-why-the-exec-function-doesnt-work
/questions/40598483/how-big-can-the-input-to-the-input-function-be
/questions/47066768/c-command-line-argmuent-not-printing-out-values-from-text-file
/questions/9084099/re-opening-stdout-and-stdin-file-descriptors-after-closing-them
/questions/ask
/questions/tagged/bash
/tags
/teams
/tour
/users/:7
/users
/users/1096140/hesham-ee
/users/318758/joni
/users/5573728/aprogrom
/users/736308/cdarke
/users/940158/alexandernst
/users/logout
