/
/accounts/logout
/admin
/dashboard/dean/:115
/dashboard/dean/group/list
/dashboard/dean/studie/list
/dashboard/dean/subject/list
/dashboard/dean/training/:112
/dashboard/dean/training/1/studie/list
/dashboard/dean/training/10/studie/list
/dashboard/dean/training/11/studie/list
/dashboard/dean/training/12/studie/list
/dashboard/dean/training/13/studie/list
/dashboard/dean/training/14/studie/list
/dashboard/dean/training/15/studie/list
/dashboard/dean/training/16/studie/list
/dashboard/dean/training/17/studie/list
/dashboard/dean/training/18/studie/list
/dashboard/dean/training/19/studie/list
/dashboard/dean/training/2/studie/list
/dashboard/dean/training/20/studie/list
/dashboard/dean/training/21/studie/list
/dashboard/dean/training/22/studie/list
/dashboard/dean/training/23/studie/list
/dashboard/dean/training/24/studie/list
/dashboard/dean/training/25/studie/list
/dashboard/dean/training/26/studie/list
/dashboard/dean/training/27/studie/list
/dashboard/dean/training/28/studie/list
/dashboard/dean/training/29/studie/list
/dashboard/dean/training/3/studie/list
/dashboard/dean/training/31/studie/list
/dashboard/dean/training/32/studie/list
/dashboard/dean/training/33/studie/list
/dashboard/dean/training/34/studie/list
/dashboard/dean/training/35/studie/list
/dashboard/dean/training/36/studie/list
/dashboard/dean/training/37/studie/list
/dashboard/dean/training/38/studie/list
/dashboard/dean/training/39/studie/list
/dashboard/dean/training/4/studie/list
/dashboard/dean/training/41/studie/list
/dashboard/dean/training/44/studie/list
/dashboard/dean/training/45/studie/list
/dashboard/dean/training/46/studie/list
/dashboard/dean/training/47/studie/list
/dashboard/dean/training/48/studie/list
/dashboard/dean/training/49/studie/list
/dashboard/dean/training/5/studie/list
/dashboard/dean/training/50/studie/list
/dashboard/dean/training/51/studie/list
/dashboard/dean/training/57/studie/list
/dashboard/dean/training/58/studie/list
/dashboard/dean/training/59/studie/list
/dashboard/dean/training/6/studie/list
/dashboard/dean/training/60/studie/list
/dashboard/dean/training/61/studie/list
/dashboard/dean/training/62/studie/list
/dashboard/dean/training/63/studie/list
/dashboard/dean/training/64/studie/list
/dashboard/dean/training/7/studie/list
/dashboard/dean/training/8/studie/list
/dashboard/dean/training/9/studie/list
/dashboard/dean/training/create
/dashboard/dean/training/list
/dashboard/dean/training/update/:55
/dashboard/dean/training/update/1
/dashboard/dean/training/update/10
/dashboard/dean/training/update/11
/dashboard/dean/training/update/12
/dashboard/dean/training/update/13
/dashboard/dean/training/update/14
/dashboard/dean/training/update/15
/dashboard/dean/training/update/16
/dashboard/dean/training/update/17
/dashboard/dean/training/update/18
/dashboard/dean/training/update/19
/dashboard/dean/training/update/2
/dashboard/dean/training/update/20
/dashboard/dean/training/update/21
/dashboard/dean/training/update/22
/dashboard/dean/training/update/23
/dashboard/dean/training/update/24
/dashboard/dean/training/update/25
/dashboard/dean/training/update/26
/dashboard/dean/training/update/27
/dashboard/dean/training/update/28
/dashboard/dean/training/update/29
/dashboard/dean/training/update/3
/dashboard/dean/training/update/31
/dashboard/dean/training/update/32
/dashboard/dean/training/update/33
/dashboard/dean/training/update/34
/dashboard/dean/training/update/35
/dashboard/dean/training/update/36
/dashboard/dean/training/update/37
/dashboard/dean/training/update/38
/dashboard/dean/training/update/39
/dashboard/dean/training/update/4
/dashboard/dean/training/update/41
/dashboard/dean/training/update/44
/dashboard/dean/training/update/45
/dashboard/dean/training/update/46
/dashboard/dean/training/update/47
/dashboard/dean/training/update/48
/dashboard/dean/training/update/49
/dashboard/dean/training/update/5
/dashboard/dean/training/update/50
/dashboard/dean/training/update/51
/dashboard/dean/training/update/57
/dashboard/dean/training/update/58
/dashboard/dean/training/update/59
/dashboard/dean/training/update/6
/dashboard/dean/training/update/60
/dashboard/dean/training/update/61
/dashboard/dean/training/update/62
/dashboard/dean/training/update/63
/dashboard/dean/training/update/64
/dashboard/dean/training/update/7
/dashboard/dean/training/update/8
/dashboard/dean/training/update/9
/feedback
/profile/223/:2
/profile/223
/profile/223/query/list
/students/:4
/students/B
/students/G
/students/M
/students/S
/users
/workers
