/
/book_providing
/culimenko-svetlana-isidorovna
/departaments_publications
/edd
/elektronnye-informacionnye-resursy
/ibc-segodnya
/indeksy-nauchnogo-citirovaniya
/kontaktnaya-informaciya
/library_search/:6
/library_search/BOOK
/library_search/CATAL
/library_search/DISS
/library_search/GRWORKS
/library_search/NIR
/library_search/TRUD
/lichnyy-kabinet-chitatelya-lkch
/new_arrivals/CATAL
/news/:9
/news/american-chemical-society
/news/izdatelstvo-amerikanskogo-instituta-fiziki-aip
/news/kollekciya-zhurnalov-mdpi-ag
/news/polnotekstovoy-kollekcii-baze-dannyh-elektronnyh-knig-izdatelstva-springer-nature
/news/royal-society-chemistry-korolevskoe-himicheskoe-obshchestvo
/news/vnimanie-bd41f38
/news/zhurnal-science
/news/zhurnaly-izdatelstva-springer
/news/zhurnaly-otkrytogo-dostupa-izdatelstva-elsevier
/obratnaya-svyaz
/oformlenie-na-obsluzhivanie
/page/:4
/page/139
/page/14
/page/169
/page/186
/poll/71
/poryadok-podpisaniya-obhodnogo-lista-v-ibc
/poryadok-poiska-literatury-i-oformleniya-zakaza
/poryadok-zameny-uteryannoy-literatury
/preyskurant-platnyh-uslug-ibc-s-04102013
/priem-dissertaciy-v-fond-ibc
/proceedings
/version_visually_impaired
/zakaz-gostov-i-ntd-iz-elektronnoy-normativno-tehnicheskoy-biblioteki-i-otpravka-dokumenta-po-e-mail
