/
/about
/bullet_angel_fan_club
/cartoon_hero
/collection/:10
/collection
/collection/_luchshee_iz_luchshego__komediia
/collection/cvetnaia_manga_i_manhva
/collection/fentezi_epik_boevye_iskusstva
/collection/komedii_i_geroi
/collection/luchshaia_manga_v_janre_senen___fentazi_fantastika
/collection/manga_janra_senen__boevik__fentezi__fantastika_
/collection/manga_v_janre_boevye_iskusstva_ili_boevik___komediia
/collection/manga_v_janre_senen_i_seinen_s_interesnym_geroiami_
/collection/neshablonnye_mangi_na_vse_sluchai_jizni_
/demon_prince_poro_s_diaries
/dragonball__heya__son_goku_and_his_friends_return
/gintama_
/helck
/internal/:12
/internal/edit/edit/5530
/internal/editor/listChapters/5530
/internal/feedback/index
/internal/like/add/5530
/internal/modal/editBookmark
/internal/quote/:2
/internal/quote/create
/internal/quote/editQuote
/internal/random
/internal/redirect
/internal/review/create/5530
/internal/upload/:2
/internal/upload/index/5530
/internal/upload/replace/5530
/list/:13
/list
/list/authors/sort_name
/list/genre/fantastic
/list/genres/sort_name
/list/like/one_punch_man
/list/magazine/tonari_no_young_jump
/list/person/:3
/list/person/a_y_mu__team_19_15_2015
/list/person/murata_yuusuke
/list/person/one
/list/presentation
/list/publisher/azbooka
/list/votes/creation/5530
/list/year/2011
/mask_man
/mob_psycho_100
/my_hero_academia
/news/:3
/news/allnews
/news/calendar/month
/news/show_anonsirovanie_vtorogo_sezona__one_punch_man_
/one_punch_man/:158
/one_punch_man/collections
/one_punch_man/quotes
/one_punch_man/review/:3
/one_punch_man/review/12613
/one_punch_man/review/12822
/one_punch_man/review/13144
/one_punch_man/reviews
/one_punch_man/vol0/9
/one_punch_man/vol1/:9
/one_punch_man/vol1/1
/one_punch_man/vol1/2
/one_punch_man/vol1/3
/one_punch_man/vol1/4
/one_punch_man/vol1/5
/one_punch_man/vol1/6
/one_punch_man/vol1/7
/one_punch_man/vol1/8
/one_punch_man/vol1/9
/one_punch_man/vol10/:16
/one_punch_man/vol10/70
/one_punch_man/vol10/71
/one_punch_man/vol10/72
/one_punch_man/vol10/73
/one_punch_man/vol10/74
/one_punch_man/vol10/75
/one_punch_man/vol10/76
/one_punch_man/vol10/77
/one_punch_man/vol10/78
/one_punch_man/vol10/79
/one_punch_man/vol10/80
/one_punch_man/vol10/81
/one_punch_man/vol10/82
/one_punch_man/vol10/83
/one_punch_man/vol10/84
/one_punch_man/vol10/85
/one_punch_man/vol11/:13
/one_punch_man/vol11/82
/one_punch_man/vol11/83
/one_punch_man/vol11/84
/one_punch_man/vol11/85
/one_punch_man/vol11/86
/one_punch_man/vol11/87
/one_punch_man/vol11/88
/one_punch_man/vol11/90
/one_punch_man/vol11/91
/one_punch_man/vol11/92
/one_punch_man/vol11/93
/one_punch_man/vol11/94
/one_punch_man/vol11/95
/one_punch_man/vol12/:11
/one_punch_man/vol12/100
/one_punch_man/vol12/101
/one_punch_man/vol12/102
/one_punch_man/vol12/103
/one_punch_man/vol12/104
/one_punch_man/vol12/94
/one_punch_man/vol12/95
/one_punch_man/vol12/96
/one_punch_man/vol12/97
/one_punch_man/vol12/98
/one_punch_man/vol12/99
/one_punch_man/vol13/:7
/one_punch_man/vol13/104
/one_punch_man/vol13/105
/one_punch_man/vol13/106
/one_punch_man/vol13/107
/one_punch_man/vol13/108
/one_punch_man/vol13/109
/one_punch_man/vol13/110
/one_punch_man/vol14/:7
/one_punch_man/vol14/110
/one_punch_man/vol14/111
/one_punch_man/vol14/112
/one_punch_man/vol14/113
/one_punch_man/vol14/114
/one_punch_man/vol14/115
/one_punch_man/vol14/116
/one_punch_man/vol15/:5
/one_punch_man/vol15/117
/one_punch_man/vol15/118
/one_punch_man/vol15/119
/one_punch_man/vol15/120
/one_punch_man/vol15/121
/one_punch_man/vol16/:8
/one_punch_man/vol16/122
/one_punch_man/vol16/123
/one_punch_man/vol16/124
/one_punch_man/vol16/125
/one_punch_man/vol16/126
/one_punch_man/vol16/127
/one_punch_man/vol16/128
/one_punch_man/vol16/129
/one_punch_man/vol17/:2
/one_punch_man/vol17/130
/one_punch_man/vol17/131
/one_punch_man/vol2/:8
/one_punch_man/vol2/10
/one_punch_man/vol2/11
/one_punch_man/vol2/12
/one_punch_man/vol2/13
/one_punch_man/vol2/14
/one_punch_man/vol2/15
/one_punch_man/vol2/16
/one_punch_man/vol2/9
/one_punch_man/vol3/:9
/one_punch_man/vol3/16
/one_punch_man/vol3/17
/one_punch_man/vol3/18
/one_punch_man/vol3/19
/one_punch_man/vol3/20
/one_punch_man/vol3/21
/one_punch_man/vol3/22
/one_punch_man/vol3/23
/one_punch_man/vol3/24
/one_punch_man/vol4/:10
/one_punch_man/vol4/23
/one_punch_man/vol4/24
/one_punch_man/vol4/25
/one_punch_man/vol4/26
/one_punch_man/vol4/27
/one_punch_man/vol4/28
/one_punch_man/vol4/29
/one_punch_man/vol4/30
/one_punch_man/vol4/31
/one_punch_man/vol4/32
/one_punch_man/vol5/:6
/one_punch_man/vol5/32
/one_punch_man/vol5/33
/one_punch_man/vol5/34
/one_punch_man/vol5/35
/one_punch_man/vol5/36
/one_punch_man/vol5/37
/one_punch_man/vol6/:7
/one_punch_man/vol6/37
/one_punch_man/vol6/38
/one_punch_man/vol6/39
/one_punch_man/vol6/40
/one_punch_man/vol6/41
/one_punch_man/vol6/42
/one_punch_man/vol6/43
/one_punch_man/vol7/:8
/one_punch_man/vol7/43
/one_punch_man/vol7/44
/one_punch_man/vol7/45
/one_punch_man/vol7/46
/one_punch_man/vol7/47
/one_punch_man/vol7/48
/one_punch_man/vol7/49
/one_punch_man/vol7/50
/one_punch_man/vol8/:10
/one_punch_man/vol8/49
/one_punch_man/vol8/50
/one_punch_man/vol8/51
/one_punch_man/vol8/52
/one_punch_man/vol8/53
/one_punch_man/vol8/54
/one_punch_man/vol8/55
/one_punch_man/vol8/56
/one_punch_man/vol8/57
/one_punch_man/vol8/58
/one_punch_man/vol9/:15
/one_punch_man/vol9/57
/one_punch_man/vol9/58
/one_punch_man/vol9/59
/one_punch_man/vol9/60
/one_punch_man/vol9/61
/one_punch_man/vol9/62
/one_punch_man/vol9/63
/one_punch_man/vol9/64
/one_punch_man/vol9/65
/one_punch_man/vol9/66
/one_punch_man/vol9/67
/one_punch_man/vol9/68
/one_punch_man/vol9/69
/one_punch_man/vol9/70
/one_punch_man/vol9/71
/onepunch_man__one
/page/:3
/page/advertising
/page/copyright_holders
/page/user_agreement
/quote
/ratman___the_smallest_hero
/review/list
/rss/manga
/search/advanced
/that_person__later_on_
/the_disaster_of_psi_kusuo_saiki
/the_master
/zetman_katsura_masakazu_short_stories
