/
/@Ilmatar
/@Paxinn
/@StraferPM
/@VVUVV
/@amfeeton
/@andreymoisv
/@digital23
/@kiwifruit22
/@krmneg
/@lWakeUpNeol
/@liplokos
/@loster01
/@pogodanaleto
/@rosewell28
/add
/answers
/awards
/banned-profiles
/best
/comments
/communities/:3
/communities
/communities/add
/communities/all
/community/:12
/community/bigcollection
/community/books
/community/bugreports
/community/electrician
/community/feature_request
/community/gamers
/community/hand_made
/community/photographers
/community/pikabushniki_vezde
/community/svoydom
/community/true_story
/community/trvlunion
/disputed
/edits
/ignore-list
/information/:5
/information/ad
/information/contacts
/information/faq
/information/rules
/information/terms
/liked
/most-saved
/new
/notes
/notifications
/page/interview/frontend
/saved-stories
/settings
/story/:3
/story/100_knig_na_angliyskom_ot_prostogo_k_slozhnomu_3589665
/story/_3609503
/story/kogda_zaeal_tseluyu_aviakompaniyu_5855398
/subs
/subs-list
/tag/:5
/tag/%C0%ED%E3%EB%E8%E9%F1%EA%E8%E9%20%FF%E7%FB%EA/hot
/tag/%D0%B4%D0%BB%D0%B8%D0%BD%D0%BD%D0%BE%D0%BF%D0%BE%D1%81%D1%82/hot
/tag/%E8%ED%F4%EE%E3%F0%E0%F4%E8%EA%E0/hot
/tag/%EA%ED%E8%E3%E8/hot
/tag/adme/hot
/tags
/tags-merge
/top-comments
/xmlfeeds.php
