/badges/tag-badges/regex
/company/:4
/company/about
/company/contact
/company/press
/company/work-here
/help
/jobs/:3
/jobs
/jobs/directory/developer-jobs
/jobs/salary
/posts/:8
/posts/16720541/:2
/posts/16720541/edit
/posts/16720541/revisions
/posts/16720705/:2
/posts/16720705/edit
/posts/16720705/revisions
/posts/16720752/:2
/posts/16720752/edit
/posts/16720752/revisions
/posts/16720998/edit
/posts/27335357/edit
/q/:10
/q/23826179
/q/28231175
/q/31035258
/q/31377597
/q/35247910
/q/35530280
/q/38512552
/q/39086
/q/43021202
/q/5658369
/questions/:16
/questions
/questions/16720541/python-string-replace-regular-expression
/questions/23826179/regex-for-dot-space-and-newline
/questions/28231175/how-to-find-and-replace-remove-text-after-a-specified-delims-with-python
/questions/31035258/how-to-replace-multiple-words-with-one-word-in-python
/questions/31377597/python-only-replace-string-which-is-not-c-comment
/questions/35247910/rename-files-with-list-of-special-characters-in-python
/questions/35530280/replacing-strings-in-a-text-and-ignoring-certain-parts
/questions/38512552/how-to-remove-star-from-string-using-regex-in-pyspark
/questions/39086/search-and-replace-a-line-in-a-file-in-python
/questions/43021202/how-to-replace-a-pattern-using-regex-in-python
/questions/5658369/how-to-input-a-regex-in-string-replace
/questions/9371238/why-is-reading-lines-from-stdin-much-slower-in-c-than-python
/questions/ask
/questions/linked/16720541
/questions/tagged/regex
/tags
/teams
/tour
/users/:13
/users
/users/-1/community
/users/102401/alan-w-smith
/users/1327983/alttag
/users/1735686/troy-rockwood
/users/1739226/jacek-przemieniecki
/users/1920451/nelz11
/users/2334254/kpie
/users/458614/tobek
/users/505154/andrew-clark
/users/5573728/aprogrom
/users/988440/pokero
/users/logout
