/
/Abitur/:13
/Abitur
/Abitur/admission18
/Abitur/aspirant
/Abitur/bachelor
/Abitur/calendar
/Abitur/foreigner
/Abitur/hostel
/Abitur/magistr
/Abitur/paid_education
/Abitur/rector_address
/Abitur/school
/Abitur/the_admissions_committee
/Abitur/transfer
/anniversary/:7
/anniversary
/anniversary/anketa-vypusknika
/anniversary/fond-razvitiya-rkhtu-im-d-i-mendeleeva
/anniversary/istoriya-universiteta-osnovnye-etapy-razvitiya
/anniversary/kalendar-sobytiy-yubileynykh-meropriyatiy-v-techenie-goda
/anniversary/obrashchenie-rektora
/anniversary/znamenitye-vypuskniki-mendeleevtsy
/education
/en
/graduate_students
/graduates/:3
/graduates
/graduates/center
/graduates/scientists
/news/:2
/news
/news/show/11165
/notifies/:6
/notifies
/notifies/calendar
/notifies/conference/11077
/notifies/olimp/11104
/notifies/open_days/11013
/notifies/saturdays/11124
/partners/:4
/partners
/partners/cooperation
/partners/organizations
/partners/training
/science
/sotrudnikam
/students/:6
/students
/students/life
/students/material_support
/students/payment
/students/schedule
/students/training_materials
/sveden/:8
/sveden
/sveden/antidrugs
/sveden/antiterror
/sveden/common
/sveden/corruption
/sveden/fcp
/sveden/income
/sveden/paid_edu
/university/:12
/university
/university/about
/university/academic_council
/university/campus
/university/contacts
/university/feedback
/university/international_cooperation
/university/letter_rector
/university/rector_address
/university/rector_election
/university/rectorate
/university/userconsent
/univsubs/ipr/subs/occupancy/vacancy
